// Jest Snapshot v1, https://goo.gl/fbAQLP

exports[`one branch generateResultQuery 1`] = `"MATCH (root:\`Root\`), (node1:\`Node\`)-[r0:\`LINKED_TO2\`]->(node2:\`Node\`), (root:\`Root\`)-[r1:\`LINKED_TO3\`]->(node3:\`Node\`), (root:\`Root\`)-[r2:\`LINKED_TO1\`]->(node1:\`Node\`) WHERE ID(node2) = $node2_internalID AND ID(node3) IN $node3_internalID RETURN DISTINCT ID(root) AS NEO4JID LIMIT $limit"`;

exports[`one branch generateResultQuery 2`] = `
Object {
  "limit": 100,
  "node2_internalID": 102,
  "node3_internalID": Array [
    1031,
    1032,
  ],
}
`;
