// Jest Snapshot v1, https://goo.gl/fbAQLP

exports[`render Should works with 1 word as text Should render correctly 1`] = `"<div><g><rect fill="mocked_color_value" class="mocked_css_class_value" x="-53" y="-50" rx="5" ry="5" width="106" height="100" transform="translate(0,0) scale(5.2057920629535355)"></rect><text class="fitted-text mocked_css_class_value" style="text-anchor: middle; font: 10px sans-serif" transform="translate(0,0) scale(5.2057920629535355)"><tspan x="0" y="3.6000000000000005">mockedTextValue</tspan></text></g></div>"`;

exports[`render Should works with empty text Should render correctly 1`] = `"<div><g><rect fill="mocked_color_value" class="mocked_css_class_value" x="-53" y="-50" rx="5" ry="5" width="6" height="0" transform="translate(0,0) scale(1)"></rect><text class="fitted-text mocked_css_class_value" style="text-anchor: middle; font: 10px sans-serif" transform="translate(0,0) scale(1)"></text></g></div>"`;

exports[`render Should works with integer as text Should render correctly 1`] = `"<div><g><rect fill="mocked_color_value" class="mocked_css_class_value" x="-53" y="-50" rx="5" ry="5" width="106" height="100" transform="translate(0,0) scale(8.304547985373997)"></rect><text class="fitted-text mocked_css_class_value" style="text-anchor: middle; font: 10px sans-serif" transform="translate(0,0) scale(8.304547985373997)"><tspan x="0" y="3.6000000000000005">0</tspan></text></g></div>"`;

exports[`render Should works with multiple words as text Should render correctly 1`] = `"<div><g><rect fill="mocked_color_value" class="mocked_css_class_value" x="-53" y="-50" rx="5" ry="5" width="106" height="100" transform="translate(0,0) scale(4.805693313322127)"></rect><text class="fitted-text mocked_css_class_value" style="text-anchor: middle; font: 10px sans-serif" transform="translate(0,0) scale(4.805693313322127)"><tspan x="0" y="3.6000000000000005">mocked text value</tspan></text></g></div>"`;

exports[`render Should works with multiple words on same span Should render correctly 1`] = `"<div><g><rect fill="mocked_color_value" class="mocked_css_class_value" x="-53" y="-50" rx="5" ry="5" width="106" height="100" transform="translate(0,0) scale(3.6637165272365584)"></rect><text class="fitted-text mocked_css_class_value" style="text-anchor: middle; font: 10px sans-serif" transform="translate(0,0) scale(3.6637165272365584)"><tspan x="0" y="-2.3999999999999995">mocked text a</tspan><tspan x="0" y="9.600000000000001">value</tspan></text></g></div>"`;

exports[`render Should works with undefined text Should render correctly 1`] = `"<div><g><rect fill="mocked_color_value" class="mocked_css_class_value" x="-53" y="-50" rx="5" ry="5" width="6" height="0" transform="translate(0,0) scale(1)"></rect><text class="fitted-text mocked_css_class_value" style="text-anchor: middle; font: 10px sans-serif" transform="translate(0,0) scale(1)"></text></g></div>"`;
